../Core/Src/moodeng.c:27:6:Moodeng_Init	16	static
../Core/Src/moodeng.c:49:5:Moodeng_GenerateRandomNumber	32	static
../Core/Src/moodeng.c:55:6:inRangeInt	24	static
../Core/Src/moodeng.c:59:6:inRangeFloat	24	static
../Core/Src/moodeng.c:63:6:setHappy	16	static
../Core/Src/moodeng.c:68:6:setWeight	16	static
../Core/Src/moodeng.c:73:6:setHunger	16	static
../Core/Src/moodeng.c:78:6:setPoopCount	16	static
../Core/Src/moodeng.c:83:6:setPoopRate	16	static
../Core/Src/moodeng.c:88:6:setIsSick	16	static
../Core/Src/moodeng.c:92:6:setHealRate	16	static
../Core/Src/moodeng.c:97:6:setDiscipline	16	static
../Core/Src/moodeng.c:102:6:setIsTried	16	static
../Core/Src/moodeng.c:106:6:setEvolution	16	static
../Core/Src/moodeng.c:111:6:setEmotion	16	static
../Core/Src/moodeng.c:115:7:Moodeng_FeedingChance	16	static
../Core/Src/moodeng.c:119:7:Moodeng_SickChance	16	static
../Core/Src/moodeng.c:123:7:Moodeng_PlayingChance	16	static
../Core/Src/moodeng.c:127:6:checkEvolution	24	static
../Core/Src/moodeng.c:166:13:Moodeng_HandleDecay	24	static
../Core/Src/moodeng.c:180:6:Moodeng_Update	40	static
